###############################################################################
#
# IAR ELF Linker V7.10.3.6832/W32 for ARM                 19/Apr/2014  01:03:59
# Copyright 2007-2014 IAR Systems AB.
#
#    Output file  =  
#        C:\Texas Instruments\Z-Stack Home
#        1.2.0\cc2538_foundation_firmware_1_0_1_0\bsp\srf06eb_cc2538\examples\uart\bin\iar\uart_example.out
#    Map file     =  
#        C:\Texas Instruments\Z-Stack Home
#        1.2.0\cc2538_foundation_firmware_1_0_1_0\bsp\srf06eb_cc2538\examples\uart\projects\iar\Debug\List\uart_example.map
#    Command line =  
#        "C:\Texas Instruments\Z-Stack Home
#        1.2.0\cc2538_foundation_firmware_1_0_1_0\bsp\srf06eb_cc2538\examples\uart\projects\iar\Debug\Obj\adc.o"
#        "C:\Texas Instruments\Z-Stack Home
#        1.2.0\cc2538_foundation_firmware_1_0_1_0\bsp\srf06eb_cc2538\examples\uart\projects\iar\Debug\Obj\bsp.o"
#        "C:\Texas Instruments\Z-Stack Home
#        1.2.0\cc2538_foundation_firmware_1_0_1_0\bsp\srf06eb_cc2538\examples\uart\projects\iar\Debug\Obj\bsp_key.o"
#        "C:\Texas Instruments\Z-Stack Home
#        1.2.0\cc2538_foundation_firmware_1_0_1_0\bsp\srf06eb_cc2538\examples\uart\projects\iar\Debug\Obj\bsp_led.o"
#        "C:\Texas Instruments\Z-Stack Home
#        1.2.0\cc2538_foundation_firmware_1_0_1_0\bsp\srf06eb_cc2538\examples\uart\projects\iar\Debug\Obj\bsp_uart.o"
#        "C:\Texas Instruments\Z-Stack Home
#        1.2.0\cc2538_foundation_firmware_1_0_1_0\bsp\srf06eb_cc2538\examples\uart\projects\iar\Debug\Obj\cpu.o"
#        "C:\Texas Instruments\Z-Stack Home
#        1.2.0\cc2538_foundation_firmware_1_0_1_0\bsp\srf06eb_cc2538\examples\uart\projects\iar\Debug\Obj\debug.o"
#        "C:\Texas Instruments\Z-Stack Home
#        1.2.0\cc2538_foundation_firmware_1_0_1_0\bsp\srf06eb_cc2538\examples\uart\projects\iar\Debug\Obj\flash.o"
#        "C:\Texas Instruments\Z-Stack Home
#        1.2.0\cc2538_foundation_firmware_1_0_1_0\bsp\srf06eb_cc2538\examples\uart\projects\iar\Debug\Obj\gpio.o"
#        "C:\Texas Instruments\Z-Stack Home
#        1.2.0\cc2538_foundation_firmware_1_0_1_0\bsp\srf06eb_cc2538\examples\uart\projects\iar\Debug\Obj\gptimer.o"
#        "C:\Texas Instruments\Z-Stack Home
#        1.2.0\cc2538_foundation_firmware_1_0_1_0\bsp\srf06eb_cc2538\examples\uart\projects\iar\Debug\Obj\i2c.o"
#        "C:\Texas Instruments\Z-Stack Home
#        1.2.0\cc2538_foundation_firmware_1_0_1_0\bsp\srf06eb_cc2538\examples\uart\projects\iar\Debug\Obj\interrupt.o"
#        "C:\Texas Instruments\Z-Stack Home
#        1.2.0\cc2538_foundation_firmware_1_0_1_0\bsp\srf06eb_cc2538\examples\uart\projects\iar\Debug\Obj\io_pin_int.o"
#        "C:\Texas Instruments\Z-Stack Home
#        1.2.0\cc2538_foundation_firmware_1_0_1_0\bsp\srf06eb_cc2538\examples\uart\projects\iar\Debug\Obj\ioc.o"
#        "C:\Texas Instruments\Z-Stack Home
#        1.2.0\cc2538_foundation_firmware_1_0_1_0\bsp\srf06eb_cc2538\examples\uart\projects\iar\Debug\Obj\lcd_dogm128_6.o"
#        "C:\Texas Instruments\Z-Stack Home
#        1.2.0\cc2538_foundation_firmware_1_0_1_0\bsp\srf06eb_cc2538\examples\uart\projects\iar\Debug\Obj\lcd_dogm128_6_alphabet.o"
#        "C:\Texas Instruments\Z-Stack Home
#        1.2.0\cc2538_foundation_firmware_1_0_1_0\bsp\srf06eb_cc2538\examples\uart\projects\iar\Debug\Obj\lcd_srf06eb.o"
#        "C:\Texas Instruments\Z-Stack Home
#        1.2.0\cc2538_foundation_firmware_1_0_1_0\bsp\srf06eb_cc2538\examples\uart\projects\iar\Debug\Obj\sleepmode.o"
#        "C:\Texas Instruments\Z-Stack Home
#        1.2.0\cc2538_foundation_firmware_1_0_1_0\bsp\srf06eb_cc2538\examples\uart\projects\iar\Debug\Obj\ssi.o"
#        "C:\Texas Instruments\Z-Stack Home
#        1.2.0\cc2538_foundation_firmware_1_0_1_0\bsp\srf06eb_cc2538\examples\uart\projects\iar\Debug\Obj\startup_iar.o"
#        "C:\Texas Instruments\Z-Stack Home
#        1.2.0\cc2538_foundation_firmware_1_0_1_0\bsp\srf06eb_cc2538\examples\uart\projects\iar\Debug\Obj\sys_ctrl.o"
#        "C:\Texas Instruments\Z-Stack Home
#        1.2.0\cc2538_foundation_firmware_1_0_1_0\bsp\srf06eb_cc2538\examples\uart\projects\iar\Debug\Obj\systick.o"
#        "C:\Texas Instruments\Z-Stack Home
#        1.2.0\cc2538_foundation_firmware_1_0_1_0\bsp\srf06eb_cc2538\examples\uart\projects\iar\Debug\Obj\uart.o"
#        "C:\Texas Instruments\Z-Stack Home
#        1.2.0\cc2538_foundation_firmware_1_0_1_0\bsp\srf06eb_cc2538\examples\uart\projects\iar\Debug\Obj\uart_example.o"
#        "C:\Texas Instruments\Z-Stack Home
#        1.2.0\cc2538_foundation_firmware_1_0_1_0\bsp\srf06eb_cc2538\examples\uart\projects\iar\Debug\Obj\udma.o"
#        "C:\Texas Instruments\Z-Stack Home
#        1.2.0\cc2538_foundation_firmware_1_0_1_0\bsp\srf06eb_cc2538\examples\uart\projects\iar\Debug\Obj\watchdog.o"
#        -o "C:\Texas Instruments\Z-Stack Home
#        1.2.0\cc2538_foundation_firmware_1_0_1_0\bsp\srf06eb_cc2538\examples\uart\bin\iar\uart_example.out"
#        --map "C:\Texas Instruments\Z-Stack Home
#        1.2.0\cc2538_foundation_firmware_1_0_1_0\bsp\srf06eb_cc2538\examples\uart\projects\iar\Debug\List\uart_example.map"
#        --config "C:\Program Files (x86)\IAR Systems\Embedded Workbench
#        7.0\arm\config\linker\TexasInstruments\cx2538xf53.icf" --semihosting
#        --entry __iar_program_start --vfe
#
###############################################################################

*******************************************************************************
*** RUNTIME MODEL ATTRIBUTES
***

CppFlavor       = *
__SystemLibrary = DLib


*******************************************************************************
*** PLACEMENT SUMMARY
***

"A1":  place at 0x00200000 { ro section .intvec };
"A2":  place at start of [0x0027ffd4-0x0027ffdf] { ro section .flashcca };
"P1":  place in [from 0x00200000 to 0x0027ffd3] { ro };
"A3":  place at start of [0x20004000-0x20007fff] { section VTABLE };
"P2":  place in [from 0x20004000 to 0x20007fff] { rw, block HEAP };
"A4":  place at end of [0x20004000-0x20007fff] { block CSTACK };

  Section          Kind        Address    Size  Object
  -------          ----        -------    ----  ------
"A1":                                    0x100
  .intvec          const    0x00200000   0x100  startup_iar.o [1]
                          - 0x00200100   0x100

"P1":                                   0x2e04
  .text            ro code  0x00200100   0x474  ioc.o [1]
  .text            ro code  0x00200574     0x2  debug.o [1]
  .text            ro code  0x00200576    0x22  zero_init3.o [5]
  .text            ro code  0x00200598   0x460  io_pin_int.o [1]
  .text            ro code  0x002009f8   0x144  interrupt.o [1]
  .text            ro code  0x00200b3c   0x404  gpio.o [1]
  .text            ro code  0x00200f40    0x10  cpu.o [1]
  .text            ro code  0x00200f50   0x438  bsp_uart.o [1]
  .text            ro code  0x00201388   0x27c  sys_ctrl.o [1]
  .text            ro code  0x00201604   0x330  uart.o [1]
  .text            ro code  0x00201934   0x388  lcd_dogm128_6.o [1]
  .text            ro code  0x00201cbc   0x114  lcd_srf06eb.o [1]
  .text            ro code  0x00201dd0   0x24c  bsp.o [1]
  .text            ro code  0x0020201c   0x218  ssi.o [1]
  .text            ro code  0x00202234   0x36e  bsp_key.o [1]
  .text            ro code  0x002025a4   0x1dc  uart_example.o [1]
  .text            ro code  0x00202780    0x3c  bsp_led.o [1]
  .rodata          const    0x002027bc   0x1d8  lcd_dogm128_6_alphabet.o [1]
  .rodata          const    0x00202994    0x7c  interrupt.o [1]
  .rodata          const    0x00202a10    0x7c  sys_ctrl.o [1]
  .rodata          const    0x00202a8c    0x78  gpio.o [1]
  .rodata          const    0x00202b04    0x78  ioc.o [1]
  .rodata          const    0x00202b7c    0x78  ssi.o [1]
  .rodata          const    0x00202bf4    0x78  uart.o [1]
  .text            ro code  0x00202c6c    0x3e  startup_iar.o [1]
  .text            ro code  0x00202caa     0xc  cstartup_M.o [5]
  .text            ro code  0x00202cb8    0x1a  cmain.o [5]
  .text            ro code  0x00202cd2     0x4  low_level_init.o [3]
  .text            ro code  0x00202cd8    0x28  data_init.o [5]
  .text            ro code  0x00202d00     0x4  exit.o [3]
  .text            ro code  0x00202d04     0xa  cexit.o [5]
  .text            ro code  0x00202d10    0x14  exit.o [6]
  .iar.init_table  const    0x00202d24    0x18  - Linker created -
  .rodata          const    0x00202d3c    0x20  ioc.o [1]
  .rodata          const    0x00202d5c    0x20  ioc.o [1]
  .rodata          const    0x00202d7c    0x20  ioc.o [1]
  .rodata          const    0x00202d9c    0x20  ioc.o [1]
  .rodata          const    0x00202dbc    0x20  ioc.o [1]
  .rodata          const    0x00202ddc    0x20  ioc.o [1]
  .rodata          const    0x00202dfc    0x20  ioc.o [1]
  .rodata          const    0x00202e1c    0x20  ioc.o [1]
  .rodata          const    0x00202e3c    0x18  sys_ctrl.o [1]
  .rodata          const    0x00202e54    0x18  uart_example.o [1]
  .rodata          const    0x00202e6c    0x14  interrupt.o [1]
  .rodata          const    0x00202e80    0x14  lcd_srf06eb.o [1]
  .rodata          const    0x00202e94    0x14  uart_example.o [1]
  .rodata          const    0x00202ea8    0x10  uart_example.o [1]
  .rodata          const    0x00202eb8    0x10  uart_example.o [1]
  .rodata          const    0x00202ec8    0x10  uart_example.o [1]
  .rodata          const    0x00202ed8    0x10  uart_example.o [1]
  .rodata          const    0x00202ee8    0x10  uart_example.o [1]
  .rodata          const    0x00202ef8     0x8  uart_example.o [1]
  .rodata          const    0x00202f00     0x4  lcd_dogm128_6.o [1]
  .rodata          const    0x00202f04     0x0  zero_init3.o [5]
                          - 0x00202f04  0x2e04

"A2":                                      0xc
  .flashcca        const    0x0027ffd4     0xc  startup_iar.o [1]
                          - 0x0027ffe0     0xc

"A3":                                    0x100
  VTABLE           zero     0x20004000   0x100  interrupt.o [1]
                          - 0x20004100   0x100

"P2":                                    0x510
  .bss             zero     0x20004100   0x400  lcd_dogm128_6.o [1]
  .bss             zero     0x20004500    0x20  io_pin_int.o [1]
  .bss             zero     0x20004520    0x20  io_pin_int.o [1]
  .bss             zero     0x20004540    0x20  io_pin_int.o [1]
  .bss             zero     0x20004560    0x20  io_pin_int.o [1]
  .bss             zero     0x20004580    0x14  bsp_key.o [1]
  .bss             zero     0x20004594    0x14  bsp_uart.o [1]
  .bss             zero     0x200045a8    0x14  bsp_uart.o [1]
  .bss             zero     0x200045bc    0x10  uart_example.o [1]
  .bss             zero     0x200045cc    0x10  uart_example.o [1]
  .bss             zero     0x200045dc    0x10  uart_example.o [1]
  .bss             zero     0x200045ec     0x4  bsp_key.o [1]
  .bss             zero     0x200045f0     0x4  bsp_key.o [1]
  .bss             zero     0x200045f4     0x4  bsp_key.o [1]
  .bss             zero     0x200045f8     0x4  bsp_uart.o [1]
  .bss             zero     0x200045fc     0x4  io_pin_int.o [1]
  .bss             zero     0x20004600     0x4  io_pin_int.o [1]
  .bss             zero     0x20004604     0x4  io_pin_int.o [1]
  .bss             zero     0x20004608     0x4  io_pin_int.o [1]
  .bss             zero     0x2000460c     0x1  bsp.o [1]
  .bss             zero     0x2000460d     0x1  uart_example.o [1]
                          - 0x2000460e   0x50e

"A4":                                    0x800
  CSTACK                    0x20007800   0x800  <Block>
    .stack         uninit   0x20007800     0x4  startup_iar.o [1]
    CSTACK         uninit   0x20007804   0x7fc  <Block tail>
                          - 0x20008000   0x800


*******************************************************************************
*** INIT TABLE
***

          Address     Size
          -------     ----
Zero (__iar_zero_init3)
    2 destination ranges, total size 0x60e:
          0x20004000  0x100
          0x20004100  0x50e



*******************************************************************************
*** MODULE SUMMARY
***

    Module                    ro code  ro data  rw data
    ------                    -------  -------  -------
C:\Texas Instruments\Z-Stack Home 1.2.0\cc2538_foundation_firmware_1_0_1_0\bsp\srf06eb_cc2538\examples\uart\projects\iar\Debug\Obj: [1]
    bsp.o                         588                 1
    bsp_key.o                     878                32
    bsp_led.o                      60
    bsp_uart.o                  1 080                44
    cpu.o                          16
    debug.o                         2
    gpio.o                      1 028      120
    interrupt.o                   324      144      256
    io_pin_int.o                1 120               144
    ioc.o                       1 140      376
    lcd_dogm128_6.o               904        4    1 024
    lcd_dogm128_6_alphabet.o               472
    lcd_srf06eb.o                 276       20
    ssi.o                         536      120
    startup_iar.o                  62      268        4
    sys_ctrl.o                    636      148
    uart.o                        816      120
    uart_example.o                476      132       49
    ---------------------------------------------------
    Total:                      9 942    1 924    1 554

command line: [2]
    ---------------------------------------------------
    Total:

dl7M_tln.a: [3]
    exit.o                          4
    low_level_init.o                4
    ---------------------------------------------------
    Total:                          8

m7M_tl.a: [4]
    ---------------------------------------------------
    Total:

rt7M_tl.a: [5]
    cexit.o                        10
    cmain.o                        26
    cstartup_M.o                   12
    data_init.o                    40
    zero_init3.o                   34
    ---------------------------------------------------
    Total:                        122

shb_l.a: [6]
    exit.o                         20
    ---------------------------------------------------
    Total:                         20

    Gaps                            8
    Linker created                          24    2 044
-------------------------------------------------------
    Grand Total:               10 100    1 948    3 598


*******************************************************************************
*** ENTRY LIST
***

Entry                      Address   Size  Type      Object
-----                      -------   ----  ----      ------
?main                   0x00202cb9         Code  Gb  cmain.o [5]
ADCIntHandler           0x00202ca9    0x2  Code  Wk  startup_iar.o [1]
AESIntHandler           0x00202ca9    0x2  Code  Wk  startup_iar.o [1]
CPUcpsid                0x00200f41    0x8  Code  Gb  cpu.o [1]
CPUcpsie                0x00200f49    0x8  Code  Gb  cpu.o [1]
CSTACK$$Base            0x20007800          --   Gb  - Linker created -
CSTACK$$Limit           0x20008000          --   Gb  - Linker created -
CompIntHandler          0x00202ca9    0x2  Code  Wk  startup_iar.o [1]
FaultISR                0x00202ca7    0x2  Code  Lc  startup_iar.o [1]
FlashIntHandler         0x00202ca9    0x2  Code  Wk  startup_iar.o [1]
GPIOAIntHandler         0x00202ca9    0x2  Code  Wk  startup_iar.o [1]
GPIOBIntHandler         0x00202ca9    0x2  Code  Wk  startup_iar.o [1]
GPIOBaseValid           0x00200b3d   0x2a  Code  Lc  gpio.o [1]
GPIOCIntHandler         0x00202ca9    0x2  Code  Wk  startup_iar.o [1]
GPIODIntHandler         0x00202ca9    0x2  Code  Wk  startup_iar.o [1]
GPIODirModeSet          0x00200bb5   0x74  Code  Gb  gpio.o [1]
GPIOGetIntNumber        0x00200b67   0x4e  Code  Gb  gpio.o [1]
GPIOIntTypeSet          0x00200c29   0x94  Code  Gb  gpio.o [1]
GPIOPinIntClear         0x00200d49   0x24  Code  Gb  gpio.o [1]
GPIOPinIntDisable       0x00200ceb   0x2e  Code  Gb  gpio.o [1]
GPIOPinIntEnable        0x00200cbd   0x2e  Code  Gb  gpio.o [1]
GPIOPinIntStatus        0x00200d19   0x30  Code  Gb  gpio.o [1]
GPIOPinRead             0x00200da1   0x24  Code  Gb  gpio.o [1]
GPIOPinTypeGPIOInput    0x00200ded   0x36  Code  Gb  gpio.o [1]
GPIOPinTypeGPIOOutput   0x00200e23   0x36  Code  Gb  gpio.o [1]
GPIOPinTypeSSI          0x00200e59   0x36  Code  Gb  gpio.o [1]
GPIOPinTypeUARTInput    0x00200e8f   0x4e  Code  Gb  gpio.o [1]
GPIOPinTypeUARTOutput   0x00200edd   0x4e  Code  Gb  gpio.o [1]
GPIOPinWrite            0x00200dc5   0x28  Code  Gb  gpio.o [1]
GPIOPortIntRegister     0x00200d6d   0x34  Code  Gb  gpio.o [1]
I2CIntHandler           0x00202ca9    0x2  Code  Wk  startup_iar.o [1]
IOCPadConfigSet         0x00200409   0xda  Code  Gb  ioc.o [1]
IOCPinConfigPeriphInput
                        0x002001b3  0x256  Code  Gb  ioc.o [1]
IOCPinConfigPeriphOutput
                        0x00200101   0xb2  Code  Gb  ioc.o [1]
IcePickIntHandler       0x00202ca9    0x2  Code  Wk  startup_iar.o [1]
IntAltMapIsEnabled      0x00200b0f   0x10  Code  Gb  interrupt.o [1]
IntDefaultHandler       0x00202ca9    0x2  Code  Lc  startup_iar.o [1]
IntEnable               0x00200a95   0x7a  Code  Gb  interrupt.o [1]
IntMasterDisable        0x00200a0d   0x14  Code  Gb  interrupt.o [1]
IntMasterEnable         0x002009f9   0x14  Code  Gb  interrupt.o [1]
IntRegister             0x00200a21   0x74  Code  Gb  interrupt.o [1]
MacTimerIntHandler      0x00202ca9    0x2  Code  Wk  startup_iar.o [1]
NmiISR                  0x00202ca5    0x2  Code  Lc  startup_iar.o [1]
PKAIntHandler           0x00202ca9    0x2  Code  Wk  startup_iar.o [1]
PendSVIntHandler        0x00202ca9    0x2  Code  Wk  startup_iar.o [1]
RFCoreErrIntHandler     0x00202ca9    0x2  Code  Wk  startup_iar.o [1]
RFCoreTxIntHandler      0x00202ca9    0x2  Code  Wk  startup_iar.o [1]
Region$$Table$$Base     0x00202d24          --   Gb  - Linker created -
Region$$Table$$Limit    0x00202d3c          --   Gb  - Linker created -
ResetISR                0x00202c6d   0x28  Code  Lc  startup_iar.o [1]
SSI0IntHandler          0x00202ca9    0x2  Code  Wk  startup_iar.o [1]
SSI1IntHandler          0x00202ca9    0x2  Code  Wk  startup_iar.o [1]
SSIBusy                 0x002021cd   0x26  Code  Gb  ssi.o [1]
SSIClockSourceSet       0x002021f3   0x34  Code  Gb  ssi.o [1]
SSIConfigSetExpClk      0x0020201d   0xfe  Code  Gb  ssi.o [1]
SSIDataGetNonBlocking   0x0020219f   0x2e  Code  Gb  ssi.o [1]
SSIDataPut              0x0020215f   0x40  Code  Gb  ssi.o [1]
SSIDisable              0x0020213d   0x22  Code  Gb  ssi.o [1]
SSIEnable               0x0020211b   0x22  Code  Gb  ssi.o [1]
STACK_TOP {Abs}         0x20008000          --   Gb  command line/config [2]
SleepModeIntHandler     0x00202ca9    0x2  Code  Wk  startup_iar.o [1]
SysCtrlClockGet         0x00201497   0x58  Code  Gb  sys_ctrl.o [1]
SysCtrlClockSet         0x002013d9   0xbe  Code  Gb  sys_ctrl.o [1]
SysCtrlDelay            0x0020158d    0x8  Code  Gb  sys_ctrl.o [1]
SysCtrlIOClockGet       0x00201535   0x58  Code  Gb  sys_ctrl.o [1]
SysCtrlIOClockSet       0x002014ef   0x46  Code  Gb  sys_ctrl.o [1]
SysCtrlPeripheralEnable
                        0x00201595   0x3c  Code  Gb  sys_ctrl.o [1]
SysCtrlPeripheralValid  0x00201389   0x50  Code  Lc  sys_ctrl.o [1]
SysTickIntHandler       0x00202ca9    0x2  Code  Wk  startup_iar.o [1]
Timer0AIntHandler       0x00202ca9    0x2  Code  Wk  startup_iar.o [1]
Timer0BIntHandler       0x00202ca9    0x2  Code  Wk  startup_iar.o [1]
Timer1AIntHandler       0x00202ca9    0x2  Code  Wk  startup_iar.o [1]
Timer1BIntHandler       0x00202ca9    0x2  Code  Wk  startup_iar.o [1]
Timer2AIntHandler       0x00202ca9    0x2  Code  Wk  startup_iar.o [1]
Timer2BIntHandler       0x00202ca9    0x2  Code  Wk  startup_iar.o [1]
Timer3AIntHandler       0x00202ca9    0x2  Code  Wk  startup_iar.o [1]
Timer3BIntHandler       0x00202ca9    0x2  Code  Wk  startup_iar.o [1]
UART0IntHandler         0x00202ca9    0x2  Code  Wk  startup_iar.o [1]
UART1IntHandler         0x00202ca9    0x2  Code  Wk  startup_iar.o [1]
UARTBaseValid           0x00201605   0x1a  Code  Lc  uart.o [1]
UARTCharGetNonBlocking  0x002017e3   0x2a  Code  Gb  uart.o [1]
UARTCharPut             0x0020180d   0x26  Code  Gb  uart.o [1]
UARTCharsAvail          0x0020178f   0x2a  Code  Gb  uart.o [1]
UARTClockSourceSet      0x002018f3   0x32  Code  Gb  uart.o [1]
UARTConfigSetExpClk     0x0020167f   0x72  Code  Gb  uart.o [1]
UARTDisable             0x0020171f   0x34  Code  Gb  uart.o [1]
UARTEnable              0x002016f1   0x2e  Code  Gb  uart.o [1]
UARTFIFOLevelSet        0x0020161f   0x60  Code  Gb  uart.o [1]
UARTIntClear            0x002018d5   0x1e  Code  Gb  uart.o [1]
UARTIntDisable          0x0020188b   0x22  Code  Gb  uart.o [1]
UARTIntEnable           0x00201869   0x22  Code  Gb  uart.o [1]
UARTIntRegister         0x00201833   0x36  Code  Gb  uart.o [1]
UARTIntStatus           0x002018ad   0x28  Code  Gb  uart.o [1]
UARTSpaceAvail          0x002017b9   0x2a  Code  Gb  uart.o [1]
UARTTxIntModeSet        0x00201753   0x3c  Code  Gb  uart.o [1]
USBIntHandler           0x00202ca9    0x2  Code  Wk  startup_iar.o [1]
WatchdogIntHandler      0x00202ca9    0x2  Code  Wk  startup_iar.o [1]
__cca                   0x0027ffd4    0xc  Data  Gb  startup_iar.o [1]
__cmain                 0x00202cb9         Code  Gb  cmain.o [5]
__error__               0x00200575    0x2  Code  Gb  debug.o [1]
__exit                  0x00202d11   0x14  Code  Gb  exit.o [6]
__iar_data_init3        0x00202cd9   0x28  Code  Gb  data_init.o [5]
__iar_program_start     0x00202cab         Code  Gb  cstartup_M.o [5]
__iar_zero_init3        0x00200577   0x22  Code  Gb  zero_init3.o [5]
__low_level_init        0x00202cd3    0x4  Code  Gb  low_level_init.o [3]
__vector_table          0x00200000  0x100  Data  Gb  startup_iar.o [1]
_call_main              0x00202cc5         Code  Gb  cmain.o [5]
_exit                   0x00202d05         Code  Gb  cexit.o [5]
_main                   0x00202ccf         Code  Gb  cmain.o [5]
appUartIsr              0x00202729   0x16  Code  Lc  uart_example.o [1]
bRepeaterMode           0x2000460d    0x1  Data  Lc  uart_example.o [1]
bsp3V3DomainEnable      0x00201f9d   0x18  Code  Gb  bsp.o [1]
bspAssert               0x00201fb5   0x2e  Code  Gb  bsp.o [1]
bspInit                 0x00201dd1  0x148  Code  Gb  bsp.o [1]
bspKeyDirPushedISR      0x00202401   0x98  Code  Lc  bsp_key.o [1]
bspKeyInit              0x00202235   0x9a  Code  Gb  bsp_key.o [1]
bspKeyIntDisabledMask   0x200045f0    0x4  Data  Lc  bsp_key.o [1]
bspKeyIntEnable         0x002023dd   0x22  Code  Gb  bsp_key.o [1]
bspKeyPushed            0x002022cf  0x10e  Code  Gb  bsp_key.o [1]
bspKeySelPushedISR      0x00202499   0x62  Code  Lc  bsp_key.o [1]
bspKeyTimerDisable      0x00202567    0xe  Code  Lc  bsp_key.o [1]
bspKeyTimerEnable       0x00202543   0x24  Code  Lc  bsp_key.o [1]
bspKeyTimerISR          0x002024fd   0x46  Code  Lc  bsp_key.o [1]
bspKeyTimerIntRegister  0x00202591   0x12  Code  Lc  bsp_key.o [1]
bspKeysIsrTable         0x20004580   0x14  Data  Lc  bsp_key.o [1]
bspKeysPressed          0x200045ec    0x4  Data  Lc  bsp_key.o [1]
bspLedSet               0x00202781   0x12  Code  Gb  bsp_led.o [1]
bspLedToggle            0x00202793   0x24  Code  Gb  bsp_led.o [1]
bspSpiClockSpeedSet     0x00201f75   0x28  Code  Gb  bsp.o [1]
bspSpiInit              0x00201f19   0x5c  Code  Gb  bsp.o [1]
bspUartBaudRateGet      0x0020127f    0x6  Code  Gb  bsp_uart.o [1]
bspUartBufInit          0x00200f51   0x4e  Code  Gb  bsp_uart.o [1]
bspUartDataGet          0x002010c5   0x70  Code  Gb  bsp_uart.o [1]
bspUartDataPut          0x00201135  0x10a  Code  Gb  bsp_uart.o [1]
bspUartIsrHandler       0x00201313   0x5c  Code  Gb  bsp_uart.o [1]
bspUartOpen             0x00200f9f  0x126  Code  Gb  bsp_uart.o [1]
bspUartRxCharsAvail     0x00201265   0x1a  Code  Gb  bsp_uart.o [1]
bspUartTxSpaceAvail     0x0020123f   0x26  Code  Gb  bsp_uart.o [1]
buBufFlush              0x002012f3   0x20  Code  Lc  bsp_uart.o [1]
buBufPopByte            0x00201285   0x3a  Code  Lc  bsp_uart.o [1]
buBufPushByte           0x002012bf   0x34  Code  Lc  bsp_uart.o [1]
dummy_stack             0x20007800    0x4  Data  Lc  startup_iar.o [1]
exit                    0x00202d01    0x4  Code  Gb  exit.o [3]
g_pfnRAMVectors         0x20004000  0x100  Data  Lc  interrupt.o [1]
g_pui32EnRegs           0x00202e6c   0x14  Data  Lc  interrupt.o [1]
g_pui32IOCPortAOverrideReg
                        0x00202d3c   0x20  Data  Lc  ioc.o [1]
g_pui32IOCPortASignSelectReg
                        0x00202dbc   0x20  Data  Lc  ioc.o [1]
g_pui32IOCPortBOverrideReg
                        0x00202d5c   0x20  Data  Lc  ioc.o [1]
g_pui32IOCPortBSignSelectReg
                        0x00202ddc   0x20  Data  Lc  ioc.o [1]
g_pui32IOCPortCOverrideReg
                        0x00202d7c   0x20  Data  Lc  ioc.o [1]
g_pui32IOCPortCSignSelectReg
                        0x00202dfc   0x20  Data  Lc  ioc.o [1]
g_pui32IOCPortDOverrideReg
                        0x00202d9c   0x20  Data  Lc  ioc.o [1]
g_pui32IOCPortDSignSelectReg
                        0x00202e1c   0x20  Data  Lc  ioc.o [1]
g_pui32RCGCRegs         0x00202e3c   0x18  Data  Lc  sys_ctrl.o [1]
i8Bsp3V3DomainEnableCount
                        0x2000460c    0x1  Data  Lc  bsp.o [1]
ioPinIntRegister        0x00200599  0x160  Code  Gb  io_pin_int.o [1]
ioPortAIsr              0x002006f9   0xb2  Code  Lc  io_pin_int.o [1]
ioPortBIsr              0x002007ad   0xb2  Code  Lc  io_pin_int.o [1]
ioPortCIsr              0x00200861   0xb2  Code  Lc  io_pin_int.o [1]
ioPortDIsr              0x00200915   0xb2  Code  Lc  io_pin_int.o [1]
lcdBufferClearPart      0x00201a03   0x4c  Code  Gb  lcd_dogm128_6.o [1]
lcdBufferInvertPage     0x00201a4f   0x3c  Code  Gb  lcd_dogm128_6.o [1]
lcdBufferPrintInt       0x00201bb5   0xae  Code  Gb  lcd_dogm128_6.o [1]
lcdBufferPrintIntAligned
                        0x00201c63   0x4c  Code  Gb  lcd_dogm128_6.o [1]
lcdBufferPrintString    0x00201ac7   0xa2  Code  Gb  lcd_dogm128_6.o [1]
lcdBufferPrintStringAligned
                        0x00201b69   0x4c  Code  Gb  lcd_dogm128_6.o [1]
lcdDefaultBuffer        0x20004100  0x400  Data  Gb  lcd_dogm128_6.o [1]
lcdGetIntLength         0x00201a9d   0x2a  Code  Gb  lcd_dogm128_6.o [1]
lcdGetStringLength      0x00201a8b   0x12  Code  Gb  lcd_dogm128_6.o [1]
lcdGotoXY               0x002019c5   0x3e  Code  Gb  lcd_dogm128_6.o [1]
lcdInit                 0x00201cbd   0x5a  Code  Gb  lcd_srf06eb.o [1]
lcdInitCmd              0x00202e80   0x14  Data  Lc  lcd_srf06eb.o [1]
lcdSendArray            0x00201d8d   0x34  Code  Lc  lcd_srf06eb.o [1]
lcdSendBuffer           0x00201935   0x32  Code  Gb  lcd_dogm128_6.o [1]
lcdSendBufferPart       0x00201967   0x5e  Code  Gb  lcd_dogm128_6.o [1]
lcdSendCommand          0x00201d17   0x3c  Code  Gb  lcd_srf06eb.o [1]
lcdSendData             0x00201d53   0x3a  Code  Gb  lcd_srf06eb.o [1]
lcd_alphabet            0x002027bc  0x1d8  Data  Gb  lcd_dogm128_6_alphabet.o [1]
main                    0x002025a5  0x184  Code  Gb  uart_example.o [1]
pfnPortAIsr             0x20004500   0x20  Data  Lc  io_pin_int.o [1]
pfnPortBIsr             0x20004520   0x20  Data  Lc  io_pin_int.o [1]
pfnPortCIsr             0x20004540   0x20  Data  Lc  io_pin_int.o [1]
pfnPortDIsr             0x20004560   0x20  Data  Lc  io_pin_int.o [1]
pui8AppBuf              0x200045dc   0x10  Data  Lc  uart_example.o [1]
pui8RxBuf               0x200045cc   0x10  Data  Lc  uart_example.o [1]
pui8TxBuf               0x200045bc   0x10  Data  Lc  uart_example.o [1]
sBuBufRx                0x20004594   0x14  Data  Lc  bsp_uart.o [1]
sBuBufTx                0x200045a8   0x14  Data  Lc  bsp_uart.o [1]
uDMAErrIntHandler       0x00202ca9    0x2  Code  Wk  startup_iar.o [1]
uDMAIntHandler          0x00202ca9    0x2  Code  Wk  startup_iar.o [1]
ui32BuBaudRate          0x200045f8    0x4  Data  Lc  bsp_uart.o [1]
ui8BspKeyMode           0x200045f4    0x4  Data  Lc  bsp_key.o [1]
ui8PortAPinHasIsr       0x200045fc    0x4  Data  Lc  io_pin_int.o [1]
ui8PortBPinHasIsr       0x20004600    0x4  Data  Lc  io_pin_int.o [1]
ui8PortCPinHasIsr       0x20004604    0x4  Data  Lc  io_pin_int.o [1]
ui8PortDPinHasIsr       0x20004608    0x4  Data  Lc  io_pin_int.o [1]


[1] = C:\Texas Instruments\Z-Stack Home 1.2.0\cc2538_foundation_firmware_1_0_1_0\bsp\srf06eb_cc2538\examples\uart\projects\iar\Debug\Obj
[2] = command line
[3] = dl7M_tln.a
[4] = m7M_tl.a
[5] = rt7M_tl.a
[6] = shb_l.a

  10 100 bytes of readonly  code memory
   1 948 bytes of readonly  data memory
   3 598 bytes of readwrite data memory

Errors: none
Warnings: none
