###############################################################################
#
# IAR ELF Linker V7.10.3.6832/W32 for ARM                 03/Apr/2014  20:20:38
# Copyright 2007-2014 IAR Systems AB.
#
#    Output file  =  
#        D:\DOCUMENT\HK8\Luan Van Tot
#        Nghiep\cc3580\swrc271a\cc2538_foundation_firmware_1_0_1_0\bsp\srf06eb_cc2538\examples\lightsensor\bin\iar\als_example.out
#    Map file     =  
#        D:\DOCUMENT\HK8\Luan Van Tot
#        Nghiep\cc3580\swrc271a\cc2538_foundation_firmware_1_0_1_0\bsp\srf06eb_cc2538\examples\lightsensor\projects\iar\Debug\List\als_example.map
#    Command line =  
#        "D:\DOCUMENT\HK8\Luan Van Tot
#        Nghiep\cc3580\swrc271a\cc2538_foundation_firmware_1_0_1_0\bsp\srf06eb_cc2538\examples\lightsensor\projects\iar\Debug\Obj\adc.o"
#        "D:\DOCUMENT\HK8\Luan Van Tot
#        Nghiep\cc3580\swrc271a\cc2538_foundation_firmware_1_0_1_0\bsp\srf06eb_cc2538\examples\lightsensor\projects\iar\Debug\Obj\als_example.o"
#        "D:\DOCUMENT\HK8\Luan Van Tot
#        Nghiep\cc3580\swrc271a\cc2538_foundation_firmware_1_0_1_0\bsp\srf06eb_cc2538\examples\lightsensor\projects\iar\Debug\Obj\als_srf06eb.o"
#        "D:\DOCUMENT\HK8\Luan Van Tot
#        Nghiep\cc3580\swrc271a\cc2538_foundation_firmware_1_0_1_0\bsp\srf06eb_cc2538\examples\lightsensor\projects\iar\Debug\Obj\bsp.o"
#        "D:\DOCUMENT\HK8\Luan Van Tot
#        Nghiep\cc3580\swrc271a\cc2538_foundation_firmware_1_0_1_0\bsp\srf06eb_cc2538\examples\lightsensor\projects\iar\Debug\Obj\bsp_led.o"
#        "D:\DOCUMENT\HK8\Luan Van Tot
#        Nghiep\cc3580\swrc271a\cc2538_foundation_firmware_1_0_1_0\bsp\srf06eb_cc2538\examples\lightsensor\projects\iar\Debug\Obj\cpu.o"
#        "D:\DOCUMENT\HK8\Luan Van Tot
#        Nghiep\cc3580\swrc271a\cc2538_foundation_firmware_1_0_1_0\bsp\srf06eb_cc2538\examples\lightsensor\projects\iar\Debug\Obj\debug.o"
#        "D:\DOCUMENT\HK8\Luan Van Tot
#        Nghiep\cc3580\swrc271a\cc2538_foundation_firmware_1_0_1_0\bsp\srf06eb_cc2538\examples\lightsensor\projects\iar\Debug\Obj\flash.o"
#        "D:\DOCUMENT\HK8\Luan Van Tot
#        Nghiep\cc3580\swrc271a\cc2538_foundation_firmware_1_0_1_0\bsp\srf06eb_cc2538\examples\lightsensor\projects\iar\Debug\Obj\gpio.o"
#        "D:\DOCUMENT\HK8\Luan Van Tot
#        Nghiep\cc3580\swrc271a\cc2538_foundation_firmware_1_0_1_0\bsp\srf06eb_cc2538\examples\lightsensor\projects\iar\Debug\Obj\gptimer.o"
#        "D:\DOCUMENT\HK8\Luan Van Tot
#        Nghiep\cc3580\swrc271a\cc2538_foundation_firmware_1_0_1_0\bsp\srf06eb_cc2538\examples\lightsensor\projects\iar\Debug\Obj\i2c.o"
#        "D:\DOCUMENT\HK8\Luan Van Tot
#        Nghiep\cc3580\swrc271a\cc2538_foundation_firmware_1_0_1_0\bsp\srf06eb_cc2538\examples\lightsensor\projects\iar\Debug\Obj\interrupt.o"
#        "D:\DOCUMENT\HK8\Luan Van Tot
#        Nghiep\cc3580\swrc271a\cc2538_foundation_firmware_1_0_1_0\bsp\srf06eb_cc2538\examples\lightsensor\projects\iar\Debug\Obj\ioc.o"
#        "D:\DOCUMENT\HK8\Luan Van Tot
#        Nghiep\cc3580\swrc271a\cc2538_foundation_firmware_1_0_1_0\bsp\srf06eb_cc2538\examples\lightsensor\projects\iar\Debug\Obj\lcd_dogm128_6.o"
#        "D:\DOCUMENT\HK8\Luan Van Tot
#        Nghiep\cc3580\swrc271a\cc2538_foundation_firmware_1_0_1_0\bsp\srf06eb_cc2538\examples\lightsensor\projects\iar\Debug\Obj\lcd_dogm128_6_alphabet.o"
#        "D:\DOCUMENT\HK8\Luan Van Tot
#        Nghiep\cc3580\swrc271a\cc2538_foundation_firmware_1_0_1_0\bsp\srf06eb_cc2538\examples\lightsensor\projects\iar\Debug\Obj\lcd_srf06eb.o"
#        "D:\DOCUMENT\HK8\Luan Van Tot
#        Nghiep\cc3580\swrc271a\cc2538_foundation_firmware_1_0_1_0\bsp\srf06eb_cc2538\examples\lightsensor\projects\iar\Debug\Obj\sleepmode.o"
#        "D:\DOCUMENT\HK8\Luan Van Tot
#        Nghiep\cc3580\swrc271a\cc2538_foundation_firmware_1_0_1_0\bsp\srf06eb_cc2538\examples\lightsensor\projects\iar\Debug\Obj\ssi.o"
#        "D:\DOCUMENT\HK8\Luan Van Tot
#        Nghiep\cc3580\swrc271a\cc2538_foundation_firmware_1_0_1_0\bsp\srf06eb_cc2538\examples\lightsensor\projects\iar\Debug\Obj\startup_iar.o"
#        "D:\DOCUMENT\HK8\Luan Van Tot
#        Nghiep\cc3580\swrc271a\cc2538_foundation_firmware_1_0_1_0\bsp\srf06eb_cc2538\examples\lightsensor\projects\iar\Debug\Obj\sys_ctrl.o"
#        "D:\DOCUMENT\HK8\Luan Van Tot
#        Nghiep\cc3580\swrc271a\cc2538_foundation_firmware_1_0_1_0\bsp\srf06eb_cc2538\examples\lightsensor\projects\iar\Debug\Obj\systick.o"
#        "D:\DOCUMENT\HK8\Luan Van Tot
#        Nghiep\cc3580\swrc271a\cc2538_foundation_firmware_1_0_1_0\bsp\srf06eb_cc2538\examples\lightsensor\projects\iar\Debug\Obj\uart.o"
#        "D:\DOCUMENT\HK8\Luan Van Tot
#        Nghiep\cc3580\swrc271a\cc2538_foundation_firmware_1_0_1_0\bsp\srf06eb_cc2538\examples\lightsensor\projects\iar\Debug\Obj\udma.o"
#        "D:\DOCUMENT\HK8\Luan Van Tot
#        Nghiep\cc3580\swrc271a\cc2538_foundation_firmware_1_0_1_0\bsp\srf06eb_cc2538\examples\lightsensor\projects\iar\Debug\Obj\watchdog.o"
#        -o "D:\DOCUMENT\HK8\Luan Van Tot
#        Nghiep\cc3580\swrc271a\cc2538_foundation_firmware_1_0_1_0\bsp\srf06eb_cc2538\examples\lightsensor\bin\iar\als_example.out"
#        --map "D:\DOCUMENT\HK8\Luan Van Tot
#        Nghiep\cc3580\swrc271a\cc2538_foundation_firmware_1_0_1_0\bsp\srf06eb_cc2538\examples\lightsensor\projects\iar\Debug\List\als_example.map"
#        --config "C:\Program Files (x86)\IAR Systems\Embedded Workbench
#        7.0\arm\config\linker\TexasInstruments\cx2538xf53.icf" --semihosting
#        --entry __iar_program_start --vfe
#
###############################################################################

*******************************************************************************
*** RUNTIME MODEL ATTRIBUTES
***

CppFlavor       = *
__SystemLibrary = DLib


*******************************************************************************
*** PLACEMENT SUMMARY
***

"A1":  place at 0x00200000 { ro section .intvec };
"A2":  place at start of [0x0027ffd4-0x0027ffdf] { ro section .flashcca };
"P1":  place in [from 0x00200000 to 0x0027ffd3] { ro };
"A4":  place at end of [0x20004000-0x20007fff] { block CSTACK };

  Section    Kind        Address   Size  Object
  -------    ----        -------   ----  ------
"A1":                             0x100
  .intvec    const    0x00200000  0x100  startup_iar.o [1]
                    - 0x00200100  0x100

"P1":                             0xa08
  .text      ro code  0x00200100  0x17c  gpio.o [1]
  .text      ro code  0x0020027c    0x2  debug.o [1]
  .text      ro code  0x00200280  0x108  ioc.o [1]
  .text      ro code  0x00200388  0x174  bsp.o [1]
  .text      ro code  0x002004fc   0x28  interrupt.o [1]
  .text      ro code  0x00200524  0x11c  sys_ctrl.o [1]
  .text      ro code  0x00200640   0x10  cpu.o [1]
  .text      ro code  0x00200650   0xe0  adc.o [1]
  .rodata    const    0x00200730   0x7c  sys_ctrl.o [1]
  .rodata    const    0x002007ac   0x78  adc.o [1]
  .rodata    const    0x00200824   0x78  gpio.o [1]
  .rodata    const    0x0020089c   0x78  ioc.o [1]
  .text      ro code  0x00200914   0x74  als_example.o [1]
  .text      ro code  0x00200988   0x46  als_srf06eb.o [1]
  .text      ro code  0x002009d0   0x28  bsp_led.o [1]
  .text      ro code  0x002009f8   0x3e  startup_iar.o [1]
  .text      ro code  0x00200a36    0xc  cstartup_M.o [5]
  .text      ro code  0x00200a44   0x1a  cmain.o [5]
  .text      ro code  0x00200a5e    0x4  low_level_init.o [3]
  .text      ro code  0x00200a62    0x4  exit.o [3]
  .text      ro code  0x00200a68    0xa  cexit.o [5]
  .text      ro code  0x00200a74   0x14  exit.o [6]
  .rodata    const    0x00200a88   0x20  ioc.o [1]
  .rodata    const    0x00200aa8   0x20  ioc.o [1]
  .rodata    const    0x00200ac8   0x20  ioc.o [1]
  .rodata    const    0x00200ae8   0x20  ioc.o [1]
                    - 0x00200b08  0xa08

"A2":                               0xc
  .flashcca  const    0x0027ffd4    0xc  startup_iar.o [1]
                    - 0x0027ffe0    0xc

"A4":                             0x800
  CSTACK              0x20007800  0x800  <Block>
    .stack   uninit   0x20007800    0x4  startup_iar.o [1]
    CSTACK   uninit   0x20007804  0x7fc  <Block tail>
                    - 0x20008000  0x800



*******************************************************************************
*** MODULE SUMMARY
***

    Module            ro code  ro data  rw data
    ------            -------  -------  -------
D:\DOCUMENT\HK8\Luan Van Tot Nghiep\cc3580\swrc271a\cc2538_foundation_firmware_1_0_1_0\bsp\srf06eb_cc2538\examples\lightsensor\projects\iar\Debug\Obj: [1]
    adc.o                 224      120
    als_example.o         116
    als_srf06eb.o          70
    bsp.o                 372
    bsp_led.o              40
    cpu.o                  16
    debug.o                 2
    gpio.o                380      120
    interrupt.o            40
    ioc.o                 264      248
    startup_iar.o          62      268        4
    sys_ctrl.o            284      124
    -------------------------------------------
    Total:              1 870      880        4

command line: [2]
    -------------------------------------------
    Total:

dl7M_tln.a: [3]
    exit.o                  4
    low_level_init.o        4
    -------------------------------------------
    Total:                  8

m7M_tl.a: [4]
    -------------------------------------------
    Total:

rt7M_tl.a: [5]
    cexit.o                10
    cmain.o                26
    cstartup_M.o           12
    -------------------------------------------
    Total:                 48

shb_l.a: [6]
    exit.o                 20
    -------------------------------------------
    Total:                 20

    Gaps                   10
    Linker created                        2 044
-----------------------------------------------
    Grand Total:        1 956      880    2 048


*******************************************************************************
*** ENTRY LIST
***

Entry                     Address   Size  Type      Object
-----                     -------   ----  ----      ------
?main                  0x00200a45         Code  Gb  cmain.o [5]
ADCIntHandler          0x00200a35    0x2  Code  Wk  startup_iar.o [1]
AESIntHandler          0x00200a35    0x2  Code  Wk  startup_iar.o [1]
CPUcpsid               0x00200641    0x8  Code  Gb  cpu.o [1]
CPUcpsie               0x00200649    0x8  Code  Gb  cpu.o [1]
CSTACK$$Base           0x20007800          --   Gb  - Linker created -
CSTACK$$Limit          0x20008000          --   Gb  - Linker created -
CompIntHandler         0x00200a35    0x2  Code  Wk  startup_iar.o [1]
FaultISR               0x00200a33    0x2  Code  Lc  startup_iar.o [1]
FlashIntHandler        0x00200a35    0x2  Code  Wk  startup_iar.o [1]
GPIOAIntHandler        0x00200a35    0x2  Code  Wk  startup_iar.o [1]
GPIOBIntHandler        0x00200a35    0x2  Code  Wk  startup_iar.o [1]
GPIOBaseValid          0x00200101   0x2a  Code  Lc  gpio.o [1]
GPIOCIntHandler        0x00200a35    0x2  Code  Wk  startup_iar.o [1]
GPIODIntHandler        0x00200a35    0x2  Code  Wk  startup_iar.o [1]
GPIODirModeSet         0x0020012b   0x74  Code  Gb  gpio.o [1]
GPIOPinTypeGPIOInput   0x002001c7   0x36  Code  Gb  gpio.o [1]
GPIOPinTypeGPIOOutput  0x002001fd   0x36  Code  Gb  gpio.o [1]
GPIOPinTypeTimer       0x00200233   0x36  Code  Gb  gpio.o [1]
GPIOPinWrite           0x0020019f   0x28  Code  Gb  gpio.o [1]
I2CIntHandler          0x00200a35    0x2  Code  Wk  startup_iar.o [1]
IOCPadConfigSet        0x00200281   0xda  Code  Gb  ioc.o [1]
IcePickIntHandler      0x00200a35    0x2  Code  Wk  startup_iar.o [1]
IntDefaultHandler      0x00200a35    0x2  Code  Lc  startup_iar.o [1]
IntMasterDisable       0x00200511   0x14  Code  Gb  interrupt.o [1]
IntMasterEnable        0x002004fd   0x14  Code  Gb  interrupt.o [1]
MacTimerIntHandler     0x00200a35    0x2  Code  Wk  startup_iar.o [1]
NmiISR                 0x00200a31    0x2  Code  Lc  startup_iar.o [1]
PKAIntHandler          0x00200a35    0x2  Code  Wk  startup_iar.o [1]
PendSVIntHandler       0x00200a35    0x2  Code  Wk  startup_iar.o [1]
RFCoreErrIntHandler    0x00200a35    0x2  Code  Wk  startup_iar.o [1]
RFCoreTxIntHandler     0x00200a35    0x2  Code  Wk  startup_iar.o [1]
Region$$Table$$Base    0x00000000          --   Gb  - Linker created -
Region$$Table$$Limit   0x00000000          --   Gb  - Linker created -
ResetISR               0x002009f9   0x28  Code  Lc  startup_iar.o [1]
SOCADCDataGet          0x002006f7   0x16  Code  Gb  adc.o [1]
SOCADCEndOfCOnversionGet
                       0x0020070d    0xe  Code  Gb  adc.o [1]
SOCADCSingleConfigure  0x00200651   0x4e  Code  Gb  adc.o [1]
SOCADCSingleStart      0x0020069f   0x58  Code  Gb  adc.o [1]
SSI0IntHandler         0x00200a35    0x2  Code  Wk  startup_iar.o [1]
SSI1IntHandler         0x00200a35    0x2  Code  Wk  startup_iar.o [1]
STACK_TOP {Abs}        0x20008000          --   Gb  command line/config [2]
SleepModeIntHandler    0x00200a35    0x2  Code  Wk  startup_iar.o [1]
SysCtrlClockSet        0x00200525   0xbe  Code  Gb  sys_ctrl.o [1]
SysCtrlDelay           0x00200629    0x8  Code  Gb  sys_ctrl.o [1]
SysCtrlIOClockSet      0x002005e3   0x46  Code  Gb  sys_ctrl.o [1]
SysTickIntHandler      0x00200a35    0x2  Code  Wk  startup_iar.o [1]
Timer0AIntHandler      0x00200a35    0x2  Code  Wk  startup_iar.o [1]
Timer0BIntHandler      0x00200a35    0x2  Code  Wk  startup_iar.o [1]
Timer1AIntHandler      0x00200a35    0x2  Code  Wk  startup_iar.o [1]
Timer1BIntHandler      0x00200a35    0x2  Code  Wk  startup_iar.o [1]
Timer2AIntHandler      0x00200a35    0x2  Code  Wk  startup_iar.o [1]
Timer2BIntHandler      0x00200a35    0x2  Code  Wk  startup_iar.o [1]
Timer3AIntHandler      0x00200a35    0x2  Code  Wk  startup_iar.o [1]
Timer3BIntHandler      0x00200a35    0x2  Code  Wk  startup_iar.o [1]
UART0IntHandler        0x00200a35    0x2  Code  Wk  startup_iar.o [1]
UART1IntHandler        0x00200a35    0x2  Code  Wk  startup_iar.o [1]
USBIntHandler          0x00200a35    0x2  Code  Wk  startup_iar.o [1]
WatchdogIntHandler     0x00200a35    0x2  Code  Wk  startup_iar.o [1]
__cca                  0x0027ffd4    0xc  Data  Gb  startup_iar.o [1]
__cmain                0x00200a45         Code  Gb  cmain.o [5]
__error__              0x0020027d    0x2  Code  Gb  debug.o [1]
__exit                 0x00200a75   0x14  Code  Gb  exit.o [6]
__iar_program_start    0x00200a37         Code  Gb  cstartup_M.o [5]
__low_level_init       0x00200a5f    0x4  Code  Gb  low_level_init.o [3]
__vector_table         0x00200000  0x100  Data  Gb  startup_iar.o [1]
_call_main             0x00200a51         Code  Gb  cmain.o [5]
_exit                  0x00200a69         Code  Gb  cexit.o [5]
_main                  0x00200a5b         Code  Gb  cmain.o [5]
alsInit                0x00200989   0x26  Code  Gb  als_srf06eb.o [1]
alsRead                0x002009b5   0x1a  Code  Gb  als_srf06eb.o [1]
bspInit                0x00200389  0x148  Code  Gb  bsp.o [1]
bspLedClear            0x002009e3   0x10  Code  Gb  bsp_led.o [1]
bspLedSet              0x002009d1   0x12  Code  Gb  bsp_led.o [1]
dummy_stack            0x20007800    0x4  Data  Lc  startup_iar.o [1]
exit                   0x00200a63    0x4  Code  Gb  exit.o [3]
g_pui32IOCPortAOverrideReg
                       0x00200a88   0x20  Data  Lc  ioc.o [1]
g_pui32IOCPortBOverrideReg
                       0x00200aa8   0x20  Data  Lc  ioc.o [1]
g_pui32IOCPortCOverrideReg
                       0x00200ac8   0x20  Data  Lc  ioc.o [1]
g_pui32IOCPortDOverrideReg
                       0x00200ae8   0x20  Data  Lc  ioc.o [1]
main                   0x00200915   0x74  Code  Gb  als_example.o [1]
uDMAErrIntHandler      0x00200a35    0x2  Code  Wk  startup_iar.o [1]
uDMAIntHandler         0x00200a35    0x2  Code  Wk  startup_iar.o [1]


[1] = D:\DOCUMENT\HK8\Luan Van Tot Nghiep\cc3580\swrc271a\cc2538_foundation_firmware_1_0_1_0\bsp\srf06eb_cc2538\examples\lightsensor\projects\iar\Debug\Obj
[2] = command line
[3] = dl7M_tln.a
[4] = m7M_tl.a
[5] = rt7M_tl.a
[6] = shb_l.a

  1 956 bytes of readonly  code memory
    880 bytes of readonly  data memory
  2 048 bytes of readwrite data memory

Errors: none
Warnings: none
